
[Eval Run 2026-06-23T00-21-30] 1 questions to run


============================================================
[MERGE-MACRO-SENTIMENT-MARKET-002] Unemployment is rising and JPM insiders are selling — does JPM's stock price actually justify that level of pessimism, or is the market pricing in something different?
============================================================

[Planner] DAG: ['macro_1', 'sentiment_1', 'market_1']
[Planner] This question establishes three independent data sources (macro unemployment trend, insider selling behavior, and JPM valuation/price action) and asks whether they align or diverge. All three agents run in parallel (Round 1) because none requires the other's output to collect their core data. Macro provides economic context, sentiment provides insider/news signals, and market provides valuation/performance data. In synthesis, we compare whether JPM's stock price movement and valuation multiples are consistent with both the unemployment rise AND the insider selling, or whether the market is pricing something different (e.g., JPM's exposure to rising rates offsetting recession fears, or insiders selling for diversification rather than conviction). No agent depends on another's finding to answer their piece.
[Planner] Round 1: ['market_1', 'macro_1', 'sentiment_1']

[Executor] Round 1 — parallel: ['market_1', 'macro_1', 'sentiment_1']

[MarketAgent] handling: Unemployment is rising and JPM insiders are selling — does JPM's stock price act...

[MacroAgent] handling: Unemployment is rising and JPM insiders are selling — does JPM's stock price act...

[SentimentAgent] handling: Unemployment is rising and JPM insiders are selling — does JPM's stock price act...
  [MacroAgent] tool: get_macro_snapshot
  [MacroAgent] tool: get_indicator
  [MarketAgent] tool: get_prices
  [MarketAgent] tool: get_prices
  [MarketAgent] tool: get_prices_multi
  [SentimentAgent] cache — write: 0 | read: 4562 tokens
  [SentimentAgent] tool: get_insider_summary
  [SentimentAgent] tool: get_news_summary
  [SentimentAgent] cache — write: 0 | read: 4562 tokens
  [Reflexion] passed
  [Reflexion] passed
  [Reflexion] passed

[Executor] --- raw output: market_1 ---
## JPM Stock Price Data

**Recent Performance (2026 YTD: Jan 1 – Jun 15, 2026)**
- **Start price:** $322.37
- **End price:** $325.22
- **Change:** +0.9%
- **Range:** Low $277.68 | High $338.09

**Longer-term Performance (Jun 23, 2025 – Jun 15, 2026)**
- **Start price:** $281.63
- **End price:** $325.22
- **Change:** +15.5%
- **Range:** Low $266.92 | High $338.09

---

## Price Movement Pattern in 2026 YTD

The data reveals notable volatility during the 2026 year-to-date period:

- **Early January weakness:** JPM dropped sharply from $327.51 (early January) to $296.20 (mid-January), a ~9.5% decline in just two weeks.
- **Mid-January to early March:** Continued downward pressure, with the stock reaching its lowest point of $277.68 in early March (a ~14% decline from year-start).
- **April recovery:** Sharp rebound beginning early April, recovering to near $310.
- **May weakness & June strength:** Choppy consolidation in May (lows near $295–$297), followed by a recent rally in June that pushed the stock to $325.22, approaching the year-to-date high of $338.09 (reached mid-June).

---

## What the Price Data Shows

**JPM is up modestly YTD (+0.9%)** despite significant intra-year volatility—largely underperforming typical broad market expectations for the year. The stock has recovered from its March lows but has not returned to the highs seen in early January before the sharp sell-off.

**Over the past 12 months, JPM is up +15.5%**, suggesting the stock has recovered ground since mid-2025 but remains within a relatively constrained trading range ($295–$338) during the 2026 calendar year.

---

## Price Performance vs. Broader Market

For context on whether JPM is pricing in something distinctly pessimistic compared to the broader market, other analysis (such as sector performance or macroeconomic data) would be needed. The price data alone shows that JPM has experienced material volatility in 2026 YTD but has not collapsed entirely—suggesting the market has repriced it downward but not to an extreme distressed level.
[Executor] --- end market_1 ---

[Executor] --- raw output: macro_1 ---
## Macro Context: Unemployment and Economic Backdrop

**Current unemployment:** 4.3% as of May 2026 (latest available)

**Trend over the past year:** Unemployment has been remarkably **stable**, oscillating between 4.3–4.5%. There was a brief uptick to 4.5% in November 2025, but it has settled back to 4.3% for the most recent three months (March–May 2026). This is **not alarming on a historical basis** — 4.3% is a healthy, near-equilibrium level, well above recession-level unemployment.

**Supporting macro environment:**
- **Fed funds rate:** 3.63% (as of May, inflation-adjusted policy stance remains moderately restrictive)
- **10yr/2yr Treasury spread:** 29 bps (10yr at 4.49%, 2yr at 4.20%), still slightly positive, suggesting markets aren't pricing in imminent recession
- **CPI:** 333.98 index points, with inflation seemingly stabilizing

**Key point:** If unemployment is "rising," the year-over-year baseline is low—we're talking about movement within the tight 4.3–4.5% band, not a sustained uptrend toward 5%+ that would signal meaningful labor market deterioration.

---

**My role ends here on the macro side.** The question of whether JPM's stock price justifies insider selling behavior, and whether the market is pricing in something *different* than the unemployment data suggests, requires:

1. **Equity specialist / market sentiment agent:** JPM stock valuation, insider flow analysis, technical setup
2. **JPM-specific analyst:** Credit cycle, net interest margin trends, loan loss provisions, earnings outlook

The macro backdrop I've provided shows a **stable** labor market without obvious stress signals. Any pessimism baked into JPM's valuation or insider sales would therefore need to reflect JPM-specific headwinds (credit quality, rate sensitivity, competitive pressures) rather than broad macro deterioration.
[Executor] --- end macro_1 ---

[Executor] --- raw output: sentiment_1 ---
**Assumed date range:** Last 90 days (2026-03-25 to 2026-06-23)

### Insider Signal

JPM insiders executed **$67.2M in net open-market sales over this period with zero purchases**. This is unambiguously net selling. However, interpret with caution:

- **16 sales transactions** by 9 different insiders across $67.2M in notional value
- **Zero open-market purchases** — no insider appetite to buy at current levels
- Separately, **11 automatic RSU tax withholding events** (type F) totaling $134.4M — these are mechanical and excluded from the net signal, but they do show significant equity compensation vesting

The net selling is real, but most of these sales are likely pre-planned Rule 10b5-1 programs established months ago, not reactive decisions to current conditions. The signal becomes more meaningful because there are *zero discretionary purchases* — insiders aren't offsetting the selling with any opportunistic buying.

### News Signal

Media sentiment is **decidedly not pessimistic**. Polygon classified JPM coverage as:
- **Neutral: 24 articles** (55%)
- **Positive: 13 articles** (30%)  
- **Negative: 7 articles** (16%)

All 44 articles came from Benzinga (tier-2 financial media), so signal quality is consistent and relatively high. The 30% positive / 55% neutral split suggests media is treating JPM with cautious acceptance rather than alarm, even as broader unemployment concerns circulate.

### Combined Read

**The insider and news signals are materially misaligned.** Insiders are net selling with zero offsetting purchases — a muted but present bearish signal. Yet the news flow is 55% neutral and 30% positive, with only 16% negative coverage. This suggests:

1. **Insiders may be aware of headwinds** (or simply executing pre-planned programs unrelated to current conditions) while  
2. **Public market discourse around JPM remains constructive** — unemployment fears haven't translated into widespread negative analyst sentiment or breaking news yet.

This divergence is worth watching. If insider selling persists *and* news sentiment turns negative, that would indicate broader consensus concern. If news stays neutral-to-positive while insiders continue to sell, it could signal insiders know something the current narrative hasn't caught up to — or it could simply mean their sales are mechanically driven.
[Executor] --- end sentiment_1 ---

[Executor] Synthesizing 3 agent outputs...

============================================================
  EVAL RUN COMPLETE — 2026-06-23T00-21-30
============================================================
  Total: 1  Passed: 0
  By category: {'routing': '0/1'}
  Tokens: 19,559 in / 2,314 out — est. cost: $0.0311 (rough estimate, see note in JSON)

  Failures:
    [MERGE-MACRO-SENTIMENT-MARKET-002] (routing) routing mismatch (expected ['macro', 'sentiment', 'market'], got ['macro', 'market', 'sentiment'])

  Results folder: C:\Users\shash\trade-platform\query\evaluations\results\run_2026-06-23T00-21-30
  JSON:    C:\Users\shash\trade-platform\query\evaluations\results\run_2026-06-23T00-21-30\results.json
  Console: C:\Users\shash\trade-platform\query\evaluations\results\run_2026-06-23T00-21-30\console.log

