
[Eval Run 2026-06-23T00-13-06] 1 questions to run


============================================================
[MERGE-MACRO-SENTIMENT-MARKET-001] Given recent unemployment trends and insider selling at JPM, how has the stock actually performed?
============================================================

[Planner] DAG: ['macro_1', 'sentiment_1', 'market_1']
[Planner] This question asks for three independent data signals to be presented side by side: (1) macro unemployment context, (2) insider sentiment via selling activity, and (3) actual JPM stock performance. These are genuinely independent data streams — none of them requires the others' output first. Macro unemployment is a standalone indicator, insider trades are a standalone sentiment signal, and stock price is a standalone market signal. The question is asking 'how do these three things line up?' rather than asking one agent to explain another's findings. All three agents can run in parallel in Round 1. The synthesis will present all three signals together to show whether insider selling and macro weakness align with actual stock performance.
[Planner] Round 1: ['market_1', 'sentiment_1', 'macro_1']

[Executor] Round 1 — parallel: ['market_1', 'sentiment_1', 'macro_1']

[MarketAgent] handling: Given recent unemployment trends and insider selling at JPM, how has the stock a...

[SentimentAgent] handling: Given recent unemployment trends and insider selling at JPM, how has the stock a...
[MacroAgent] handling: Given recent unemployment trends and insider selling at JPM, how has the stock a...

  [MarketAgent] tool: get_prices
  [MacroAgent] tool: get_indicator
  [SentimentAgent] cache — write: 4562 | read: 0 tokens
  [SentimentAgent] tool: get_insider_summary
  [SentimentAgent] tool: get_news_summary
  [SentimentAgent] tool: get_prices
  [Reflexion] skipped — answer under 200 words
  [Reflexion] skipped — answer under 200 words
  [SentimentAgent] cache — write: 0 | read: 4562 tokens
  [Reflexion] issues found: ["Date mismatch: Agent states 'Last 90 days (2026-03-25 to 2026-06-23)' but price data ends on 2026-06-15, not 2026-06-23. The end price of $325.22 is from 2026-06-15, not the claimed date range endpoint.", "Unsupported claim about news sentiment timing: Agent states 'recent news sentiment' and 'the past 30 days (2026-05-24 to 2026-06-23)' but tool results only provide news summary for 2026-05-24 to 2026-06-23 with no granular publication dates, so the claim about 'price strength from May 25 onward coinciding with the start of the recent news window' cannot be verified from the provided data.", "Minor precision issue: Agent references 'Polygon' as a classifier for JPM news, but tool results only identify 'Benzinga' as the top publisher — no mention of Polygon in the tool output."]
  [Reflexion] retrying with guidance: Clarify the actual end date of the price dataset (2026-06-15, not 2026-06-23). Do not make causal claims about news timing and price movements without granular publication dates for each article. Correct the news classifier attribution (Benzinga, not Polygon).
  [Reflexion] retry passed

[Executor] --- raw output: market_1 ---
**JPM Stock Performance (Recent Period)**

**Data Period:** 2025-12-29 through 2026-06-15 (weekly granularity, 25 weeks)

**Summary:**
- **Start Price:** $322.37
- **End Price:** $325.22
- **Total Return:** +0.9%
- **High:** $338.09
- **Low:** $277.68

JPM has delivered modest positive returns over the first half of 2026, gaining 0.9%. The stock experienced notable volatility during this period, with a 52-week swing of $60.41 between its low and high. The stock moved roughly sideways after an early January rally, declined into early March, then recovered through mid-June, with recent weeks showing particular strength (up to the $320+ level by mid-June).

The price action itself is captured above. Other specialists are handling the macro context (unemployment trends) and insider activity separately.
[Executor] --- end market_1 ---

[Executor] --- raw output: sentiment_1 ---
**Assumed date range: Last 90 days (2026-03-25 to 2026-06-23); price data available through 2026-06-15.**

**Insider signal:**
JPM insiders were net selling on an open-market basis. Over the 90-day period, insiders executed 16 open-market sales totaling $67,207,434 with zero open-market purchases. This represents a net selling signal of $67,207,434.

However, separately, 11 insiders engaged in 455,599 shares of type-F tax withholding transactions (automatic RSU vesting) valued at $134,419,790—these are excluded from the net signal as they are not discretionary sell decisions.

**News signal:**
Benzinga published 9 articles on JPM between 2026-05-24 and 2026-06-23. The sentiment breakdown was: 3 negative, 3 positive, 3 neutral. No granular publication dates per article were provided, so no timing correlation with price movement can be established.

**Price context:**
JPM traded from $281.40 on 2026-03-23 to $325.22 on 2026-06-15, a change of +15.6% over that period. The stock ranged between a low of $280.32 and a high of $338.09.

**Combined read:**
Insiders were net selling throughout this period. Separately, the stock appreciated 15.6% over the same timeframe. These signals moved in opposite directions—no causal relationship can be inferred from the available data.
[Executor] --- end sentiment_1 ---

[Executor] --- raw output: macro_1 ---
## Unemployment Trends (My Domain)

Over the past 12 months (Jun 2025 – May 2026), the **unemployment rate has remained relatively stable and elevated**:
- Peaked at **4.5% in November 2025**
- Has ranged between **4.3%–4.5%** with no clear downward trend
- Most recent reading (May 2026): **4.3%**

This is a **moderately tight** labor market by historical standards, but notably **above the Fed's implicit 3.5%–3.8% target range**. The lack of significant improvement over 12 months suggests labor market momentum has stalled—not a recession, but a deceleration from prior tightness.

---

## What I Cannot Answer

**JPM stock performance and insider selling activity** are outside my scope. Those will be handled by the market/equity specialist. However, the elevated unemployment trend provides important macro context: continued slack in labor markets (without robust job creation) could weigh on equities more broadly due to consumer spending concerns, even if firm-specific factors (like insider selling) drive individual stock movements.
[Executor] --- end macro_1 ---

[Executor] Synthesizing 3 agent outputs...

============================================================
  EVAL RUN COMPLETE — 2026-06-23T00-13-06
============================================================
  Total: 1  Passed: 0
  By category: {'routing': '0/1'}
  Tokens: 18,020 in / 1,796 out — est. cost: $0.0270 (rough estimate, see note in JSON)

  Failures:
    [MERGE-MACRO-SENTIMENT-MARKET-001] (routing) routing mismatch (expected ['macro', 'sentiment', 'market'], got ['macro', 'market', 'sentiment'])

  Results folder: C:\Users\shash\trade-platform\query\evaluations\results\run_2026-06-23T00-13-06
  JSON:    C:\Users\shash\trade-platform\query\evaluations\results\run_2026-06-23T00-13-06\results.json
  Console: C:\Users\shash\trade-platform\query\evaluations\results\run_2026-06-23T00-13-06\console.log

