
[Eval Run 2026-06-23T00-11-41] 1 questions to run


============================================================
[PAIR-MARKET-MACRO-005] Is WTI crude oil expensive right now?
============================================================

[Planner] DAG: ['market_1', 'macro_1']
[Planner] The question 'Is WTI crude oil expensive right now?' is genuinely ambiguous about which price perspective is meant (futures vs. spot) and asks for a judgment ('expensive') that requires historical context. Route to both market and macro in parallel with no dependency between them. Market will provide the current futures contract price and recent trading performance. Macro will provide the official spot price series and economic context (e.g., historical averages, recent trends, relationship to inflation or production cycles). Synthesis will present both figures labeled by source and allow the user to evaluate 'expensive' from both a trading and macroeconomic perspective.
[Planner] Round 1: ['macro_1', 'market_1']

[Executor] Round 1 — parallel: ['macro_1', 'market_1']

[MacroAgent] handling: Is WTI crude oil expensive right now?

[Your role in this query: focus on econom...
[MarketAgent] handling: Is WTI crude oil expensive right now?

[Your role in this query: focus on stock ...

  [MacroAgent] tool: get_indicator
  [MarketAgent] tool: get_price_on_date
  [MarketAgent] tool: get_prices
  [MacroAgent] tool: get_indicator
  [Reflexion] skipped — answer under 200 words
  [Reflexion] skipped — answer under 200 words

[Executor] --- raw output: macro_1 ---
**WTI Crude Oil Current Level:**

The most recent data available is from **June 15, 2026**, at which point WTI crude oil spot price was **$84.65 per barrel**.

**Is it expensive?** That depends on the comparison timeframe:

- **Recent trend (June 2026):** Oil has been falling. It started the month at $96/barrel and has declined steadily to $84.65 by mid-June—a roughly 12% drop in just two weeks.
- **Within a historical context:** At $84.65, this is moderate. It's below the $95–100 range we saw just days earlier, and it would need considerably more context (multi-month or multi-year comparisons) to assess whether this is expensive relative to longer-term averages.

**The key macro signal:** The recent downtrend suggests either weaker energy demand, easing supply concerns, or broader economic softening. This can matter for inflation expectations and Fed policy positioning.

Is there a specific historical price level or time period you'd like me to compare this against?
[Executor] --- end macro_1 ---

[Executor] --- raw output: market_1 ---
Based on the data fetched:

**Current Price (as of June 18, 2026, the latest trading day):**
- WTI crude oil closed at **$76.60/barrel**

**Recent Context (2-year view, June 2024 – June 2026):**
- Starting price (June 2024): $81.54
- Current price: $76.60
- Change: **-6.1%** over the 2-year period
- 2-year range: Low of $54.98, High of $119.48

**Assessment:**
By the metrics available in the data, WTI crude oil is **not particularly expensive right now** relative to its recent 2-year history. At $76.60, it's:
- Below its June 2024 starting level of $81.54
- Well below its recent peak of $119.48 (reached in March 2026)
- Near the middle-to-lower end of its 2-year trading range
- Currently in a downtrend from the significant spike that occurred in early 2026

Whether $76.60 is "expensive" in absolute terms would depend on longer-term historical context and comparative benchmarks, which would require broader analysis beyond current price data.
[Executor] --- end market_1 ---

[Executor] Synthesizing 2 agent outputs...

============================================================
  EVAL RUN COMPLETE — 2026-06-23T00-11-41
============================================================
  Total: 1  Passed: 1
  By category: {'routing': '1/1'}
  Tokens: 16,973 in / 970 out — est. cost: $0.0218 (rough estimate, see note in JSON)

  Results folder: C:\Users\shash\trade-platform\query\evaluations\results\run_2026-06-23T00-11-41
  JSON:    C:\Users\shash\trade-platform\query\evaluations\results\run_2026-06-23T00-11-41\results.json
  Console: C:\Users\shash\trade-platform\query\evaluations\results\run_2026-06-23T00-11-41\console.log

